// Jest Snapshot v1, https://goo.gl/fbAQLP

exports[`should render 1`] = `
<div
  style={
    Object {
      "overflow": "hidden",
    }
  }
>
  <div>
     
    <p>
      OK
    </p>
  </div>
</div>
`;
